// Jest Snapshot v1, https://goo.gl/fbAQLP

exports[`Post Acceptance Pruning should reduce codelength: pruned table 1`] = `
Array [
  Array [
    Array [
      1,
      2,
      3,
    ],
    Array [
      5,
    ],
  ],
  Array [
    Array [
      2,
    ],
    Array [
      2,
    ],
  ],
  Array [
    Array [
      1,
    ],
    Array [
      2,
    ],
  ],
]
`;
